<?xml version='1.0' encoding='iso-8859-1'?>
<UmlProject fileName="." version="12.0" codePath="/users/hasii">
    <UMLDiagram documentType="Class Document" title="Composition Class Diagram" scrollPositionX="1" scrollPositionY="1" pixelsPerUnitX="1" pixelsPerUnitY="1">
        <UmlClass id="source.class.id" width="150" height="75" x="100" y="100">
            <PyutClass id="222" name="Tree"
                       displayMethods="True"
                       displayParameters="Unspecified"
                       displayConstructor="Unspecified"
                       displayDunderMethods="Unspecified"
                       displayFields="True"
                       displayStereotype="True" fileName="" description="" />
        </UmlClass>
        <UmlClass id="destination.class.id" width="150" height="75" x="200" y="300">
            <PyutClass id="444" name="Leaf"
                       displayMethods="True"
                       displayParameters="Unspecified"
                       displayConstructor="Unspecified"
                       displayDunderMethods="Unspecified"
                       displayFields="True"
                       displayStereotype="True" fileName="" description="" />
        </UmlClass>
        <UmlLink id="die.free.open.point" fromX="194" fromY="174" toX="256" toY="300" spline="False">
            <AssociationName deltaX="0" deltaY="0" />
            <SourceCardinality deltaX="0" deltaY="0" />
            <DestinationCardinality deltaX="0" deltaY="0" />
            <PyutLink name="has" type="COMPOSITION"
                      sourceId="222" destinationId="444"
                      bidirectional="False"
                      sourceCardinalityValue="1" destinationCardinalityValue="*" />
        </UmlLink>\n'
    </UMLDiagram>\n'
</UmlProject>