<?xml version='1.0' encoding='iso-8859-1'?>
<UmlProject version="12.0" codePath="/Users/humberto.a.sanchez.ii">
    <UMLDiagram diagramType="Class Diagram" title="Number Zero" scrollPositionX="1" scrollPositionY="1" pixelsPerUnitX="1" pixelsPerUnitY="1" />
    <UMLDiagram diagramType="Use Case Diagram" title="Number One" scrollPositionX="1" scrollPositionY="1" pixelsPerUnitX="1" pixelsPerUnitY="1" />
    <UMLDiagram diagramType="Sequence Diagram" title="Number Two" scrollPositionX="1" scrollPositionY="1" pixelsPerUnitX="1" pixelsPerUnitY="1" />
</UmlProject>