<?xml version='1.0' encoding='iso-8859-1'?>
<UmlProject fileName="" version="12.0" codePath="/users/hasii">
    <UMLDiagram diagramType="Use Case Diagram" title="Uml Note Diagram" scrollPositionX="1" scrollPositionY="1" pixelsPerUnitX="1" pixelsPerUnitY="1">
        <UmlNote id="remember.the.Alamo" width="233" height="233" x="666" y="777">
            <PyutNote id="777" content="I am the best MAGA Note" fileName="" />
        </UmlNote>
    </UMLDiagram>
</UmlProject>
